22:45:12 **** Incremental Build of configuration Debug for project 11_ADC_SingleMode ****
make -j2 all 
arm-none-eabi-gcc "../Core/Src/main.c" -mcpu=cortex-m4 -std=gnu11 -g3 -DDEBUG -DSTM32F401xE -DSTM32 -DSTM32F401RETx -DSTM32F4 -c -I"C:/Users/dg_su/OneDrive/Documentos/STM32/codigo/11_ADC_SingleMode/Drivers/CMSIS/Device/Include" -I"C:/Users/dg_su/OneDrive/Documentos/STM32/codigo/11_ADC_SingleMode/Core/Inc" -I"C:/Users/dg_su/OneDrive/Documentos/STM32/codigo/11_ADC_SingleMode/Drivers/CMSIS/Include" -O0 -ffunction-sections -fdata-sections -Wall -fstack-usage -MMD -MP -MF"Core/Src/main.d" -MT"Core/Src/main.o" --specs=nano.specs -mfpu=fpv4-sp-d16 -mfloat-abi=hard -mthumb -o "Core/Src/main.o"
arm-none-eabi-gcc -o "11_ADC_SingleMode.elf" @"objects.list"   -mcpu=cortex-m4 -T"C:\Users\dg_su\OneDrive\Documentos\STM32\codigo\11_ADC_SingleMode\STM32F401RETX_FLASH.ld" --specs=nosys.specs -Wl,-Map="11_ADC_SingleMode.map" -Wl,--gc-sections -static --specs=nano.specs -mfpu=fpv4-sp-d16 -mfloat-abi=hard -mthumb -Wl,--start-group -lc -lm -Wl,--end-group
Finished building target: 11_ADC_SingleMode.elf
 
arm-none-eabi-size   11_ADC_SingleMode.elf 
arm-none-eabi-objdump -h -S  11_ADC_SingleMode.elf  > "11_ADC_SingleMode.list"
   text	   data	    bss	    dec	    hex	filename
   1460	     12	   1572	   3044	    be4	11_ADC_SingleMode.elf
Finished building: default.size.stdout
 
Finished building: 11_ADC_SingleMode.list
 

22:45:13 Build Finished. 0 errors, 0 warnings. (took 834ms)

