21:41:07 **** Build of configuration Debug for project 12_ADC_ScanMode_Interrupt ****
make -j2 all 
arm-none-eabi-gcc -mcpu=cortex-m4 -g3 -DDEBUG -c -x assembler-with-cpp -MMD -MP -MF"Core/Startup/startup_stm32f401retx.d" -MT"Core/Startup/startup_stm32f401retx.o" --specs=nano.specs -mfpu=fpv4-sp-d16 -mfloat-abi=hard -mthumb -o "Core/Startup/startup_stm32f401retx.o" "../Core/Startup/startup_stm32f401retx.s"
arm-none-eabi-gcc "../Core/Src/delay.c" -mcpu=cortex-m4 -std=gnu11 -g3 -DDEBUG -DSTM32F401xE -DSTM32 -DSTM32F401RETx -DSTM32F4 -c -I"C:/Users/dg_su/OneDrive/Documentos/STM32/codigo/12_ADC_ScanMode_Interrupt/Drivers/CMSIS/Device/Include" -I"C:/Users/dg_su/OneDrive/Documentos/STM32/codigo/12_ADC_ScanMode_Interrupt/Core/Inc" -I"C:/Users/dg_su/OneDrive/Documentos/STM32/codigo/12_ADC_ScanMode_Interrupt/Drivers/CMSIS/Include" -O0 -ffunction-sections -fdata-sections -Wall -fstack-usage -MMD -MP -MF"Core/Src/delay.d" -MT"Core/Src/delay.o" --specs=nano.specs -mfpu=fpv4-sp-d16 -mfloat-abi=hard -mthumb -o "Core/Src/delay.o"
arm-none-eabi-gcc "../Core/Src/main.c" -mcpu=cortex-m4 -std=gnu11 -g3 -DDEBUG -DSTM32F401xE -DSTM32 -DSTM32F401RETx -DSTM32F4 -c -I"C:/Users/dg_su/OneDrive/Documentos/STM32/codigo/12_ADC_ScanMode_Interrupt/Drivers/CMSIS/Device/Include" -I"C:/Users/dg_su/OneDrive/Documentos/STM32/codigo/12_ADC_ScanMode_Interrupt/Core/Inc" -I"C:/Users/dg_su/OneDrive/Documentos/STM32/codigo/12_ADC_ScanMode_Interrupt/Drivers/CMSIS/Include" -O0 -ffunction-sections -fdata-sections -Wall -fstack-usage -MMD -MP -MF"Core/Src/main.d" -MT"Core/Src/main.o" --specs=nano.specs -mfpu=fpv4-sp-d16 -mfloat-abi=hard -mthumb -o "Core/Src/main.o"
arm-none-eabi-gcc "../Core/Src/syscalls.c" -mcpu=cortex-m4 -std=gnu11 -g3 -DDEBUG -DSTM32F401xE -DSTM32 -DSTM32F401RETx -DSTM32F4 -c -I"C:/Users/dg_su/OneDrive/Documentos/STM32/codigo/12_ADC_ScanMode_Interrupt/Drivers/CMSIS/Device/Include" -I"C:/Users/dg_su/OneDrive/Documentos/STM32/codigo/12_ADC_ScanMode_Interrupt/Core/Inc" -I"C:/Users/dg_su/OneDrive/Documentos/STM32/codigo/12_ADC_ScanMode_Interrupt/Drivers/CMSIS/Include" -O0 -ffunction-sections -fdata-sections -Wall -fstack-usage -MMD -MP -MF"Core/Src/syscalls.d" -MT"Core/Src/syscalls.o" --specs=nano.specs -mfpu=fpv4-sp-d16 -mfloat-abi=hard -mthumb -o "Core/Src/syscalls.o"
arm-none-eabi-gcc "../Core/Src/sysmem.c" -mcpu=cortex-m4 -std=gnu11 -g3 -DDEBUG -DSTM32F401xE -DSTM32 -DSTM32F401RETx -DSTM32F4 -c -I"C:/Users/dg_su/OneDrive/Documentos/STM32/codigo/12_ADC_ScanMode_Interrupt/Drivers/CMSIS/Device/Include" -I"C:/Users/dg_su/OneDrive/Documentos/STM32/codigo/12_ADC_ScanMode_Interrupt/Core/Inc" -I"C:/Users/dg_su/OneDrive/Documentos/STM32/codigo/12_ADC_ScanMode_Interrupt/Drivers/CMSIS/Include" -O0 -ffunction-sections -fdata-sections -Wall -fstack-usage -MMD -MP -MF"Core/Src/sysmem.d" -MT"Core/Src/sysmem.o" --specs=nano.specs -mfpu=fpv4-sp-d16 -mfloat-abi=hard -mthumb -o "Core/Src/sysmem.o"
arm-none-eabi-gcc "../Core/Src/system_stm32f4xx.c" -mcpu=cortex-m4 -std=gnu11 -g3 -DDEBUG -DSTM32F401xE -DSTM32 -DSTM32F401RETx -DSTM32F4 -c -I"C:/Users/dg_su/OneDrive/Documentos/STM32/codigo/12_ADC_ScanMode_Interrupt/Drivers/CMSIS/Device/Include" -I"C:/Users/dg_su/OneDrive/Documentos/STM32/codigo/12_ADC_ScanMode_Interrupt/Core/Inc" -I"C:/Users/dg_su/OneDrive/Documentos/STM32/codigo/12_ADC_ScanMode_Interrupt/Drivers/CMSIS/Include" -O0 -ffunction-sections -fdata-sections -Wall -fstack-usage -MMD -MP -MF"Core/Src/system_stm32f4xx.d" -MT"Core/Src/system_stm32f4xx.o" --specs=nano.specs -mfpu=fpv4-sp-d16 -mfloat-abi=hard -mthumb -o "Core/Src/system_stm32f4xx.o"
arm-none-eabi-gcc -o "12_ADC_ScanMode_Interrupt.elf" @"objects.list"   -mcpu=cortex-m4 -T"C:\Users\dg_su\OneDrive\Documentos\STM32\codigo\12_ADC_ScanMode_Interrupt\STM32F401RETX_FLASH.ld" --specs=nosys.specs -Wl,-Map="12_ADC_ScanMode_Interrupt.map" -Wl,--gc-sections -static --specs=nano.specs -mfpu=fpv4-sp-d16 -mfloat-abi=hard -mthumb -Wl,--start-group -lc -lm -Wl,--end-group
Finished building target: 12_ADC_ScanMode_Interrupt.elf
 
arm-none-eabi-size   12_ADC_ScanMode_Interrupt.elf 
arm-none-eabi-objdump -h -S  12_ADC_ScanMode_Interrupt.elf  > "12_ADC_ScanMode_Interrupt.list"
   text	   data	    bss	    dec	    hex	filename
   1408	     12	   1572	   2992	    bb0	12_ADC_ScanMode_Interrupt.elf
Finished building: default.size.stdout
 
Finished building: 12_ADC_ScanMode_Interrupt.list
 

21:41:10 Build Finished. 0 errors, 0 warnings. (took 2s.473ms)

