20:33:20 **** Clean-only build of configuration Debug for project 02_GPIO_CMSIS ****
make -j2 clean 
rm -rf ./Core/Startup/startup_stm32f401retx.d ./Core/Startup/startup_stm32f401retx.o
rm -rf ./Core/Src/main.d ./Core/Src/main.o ./Core/Src/main.su ./Core/Src/syscalls.d ./Core/Src/syscalls.o ./Core/Src/syscalls.su ./Core/Src/sysmem.d ./Core/Src/sysmem.o ./Core/Src/sysmem.su ./Core/Src/system_stm32f4xx.d ./Core/Src/system_stm32f4xx.o ./Core/Src/system_stm32f4xx.su
rm -rf 00_Template_CMSIS.elf 00_Template_CMSIS.list 00_Template_CMSIS.map default.size.stdout
 
20:33:27 **** Incremental Build of configuration Debug for project 00_Template_CMSIS ****
make -j2 all 
arm-none-eabi-size   00_Template_CMSIS.elf 
   text	   data	    bss	    dec	    hex	filename
    692	      8	   1568	   2268	    8dc	00_Template_CMSIS.elf
Finished building: default.size.stdout
 
20:33:28 **** Incremental Build of configuration Debug for project 01_RCC_Config ****
make -j2 all 
arm-none-eabi-gcc "../Core/Src/main.c" -mcpu=cortex-m4 -std=gnu11 -g3 -DDEBUG -DSTM32F401xE -DSTM32 -DSTM32F401RETx -DSTM32F4 -c -I"C:/Users/dg_su/OneDrive/Documentos/STM32/codigo/01_RCC_Config/Drivers/CMSIS/Device/Include" -I"C:/Users/dg_su/OneDrive/Documentos/STM32/codigo/01_RCC_Config/Drivers/CMSIS/Include" -O0 -ffunction-sections -fdata-sections -Wall -fstack-usage -MMD -MP -MF"Core/Src/main.d" -MT"Core/Src/main.o" --specs=nano.specs -mfpu=fpv4-sp-d16 -mfloat-abi=hard -mthumb -o "Core/Src/main.o"
arm-none-eabi-gcc -o "01_RCC_Config.elf" @"objects.list"   -mcpu=cortex-m4 -T"C:\Users\dg_su\OneDrive\Documentos\STM32\codigo\01_RCC_Config\STM32F401RETX_FLASH.ld" --specs=nosys.specs -Wl,-Map="01_RCC_Config.map" -Wl,--gc-sections -static --specs=nano.specs -mfpu=fpv4-sp-d16 -mfloat-abi=hard -mthumb -Wl,--start-group -lc -lm -Wl,--end-group
Finished building target: 01_RCC_Config.elf
 
arm-none-eabi-size   01_RCC_Config.elf 
arm-none-eabi-objdump -h -S  01_RCC_Config.elf  > "01_RCC_Config.list"
   text	   data	    bss	    dec	    hex	filename
   1104	     12	   1564	   2680	    a78	01_RCC_Config.elf
Finished building: default.size.stdout
 
Finished building: 01_RCC_Config.list
 
20:33:35 **** Build of configuration Debug for project 02_GPIO_CMSIS ****
make -j2 all 
arm-none-eabi-gcc -mcpu=cortex-m4 -g3 -DDEBUG -c -x assembler-with-cpp -MMD -MP -MF"Core/Startup/startup_stm32f401retx.d" -MT"Core/Startup/startup_stm32f401retx.o" --specs=nano.specs -mfpu=fpv4-sp-d16 -mfloat-abi=hard -mthumb -o "Core/Startup/startup_stm32f401retx.o" "../Core/Startup/startup_stm32f401retx.s"
arm-none-eabi-gcc "../Core/Src/main.c" -mcpu=cortex-m4 -std=gnu11 -g3 -DDEBUG -DSTM32F401xE -DSTM32 -DSTM32F401RETx -DSTM32F4 -c -I"C:/Users/dg_su/OneDrive/Documentos/STM32/codigo/02_GPIO_CMSIS/Drivers/CMSIS/Device/Include" -I"C:/Users/dg_su/OneDrive/Documentos/STM32/codigo/02_GPIO_CMSIS/Drivers/CMSIS/Include" -O0 -ffunction-sections -fdata-sections -Wall -fstack-usage -MMD -MP -MF"Core/Src/main.d" -MT"Core/Src/main.o" --specs=nano.specs -mfpu=fpv4-sp-d16 -mfloat-abi=hard -mthumb -o "Core/Src/main.o"
arm-none-eabi-gcc "../Core/Src/syscalls.c" -mcpu=cortex-m4 -std=gnu11 -g3 -DDEBUG -DSTM32F401xE -DSTM32 -DSTM32F401RETx -DSTM32F4 -c -I"C:/Users/dg_su/OneDrive/Documentos/STM32/codigo/02_GPIO_CMSIS/Drivers/CMSIS/Device/Include" -I"C:/Users/dg_su/OneDrive/Documentos/STM32/codigo/02_GPIO_CMSIS/Drivers/CMSIS/Include" -O0 -ffunction-sections -fdata-sections -Wall -fstack-usage -MMD -MP -MF"Core/Src/syscalls.d" -MT"Core/Src/syscalls.o" --specs=nano.specs -mfpu=fpv4-sp-d16 -mfloat-abi=hard -mthumb -o "Core/Src/syscalls.o"
arm-none-eabi-gcc "../Core/Src/sysmem.c" -mcpu=cortex-m4 -std=gnu11 -g3 -DDEBUG -DSTM32F401xE -DSTM32 -DSTM32F401RETx -DSTM32F4 -c -I"C:/Users/dg_su/OneDrive/Documentos/STM32/codigo/02_GPIO_CMSIS/Drivers/CMSIS/Device/Include" -I"C:/Users/dg_su/OneDrive/Documentos/STM32/codigo/02_GPIO_CMSIS/Drivers/CMSIS/Include" -O0 -ffunction-sections -fdata-sections -Wall -fstack-usage -MMD -MP -MF"Core/Src/sysmem.d" -MT"Core/Src/sysmem.o" --specs=nano.specs -mfpu=fpv4-sp-d16 -mfloat-abi=hard -mthumb -o "Core/Src/sysmem.o"
arm-none-eabi-gcc "../Core/Src/system_stm32f4xx.c" -mcpu=cortex-m4 -std=gnu11 -g3 -DDEBUG -DSTM32F401xE -DSTM32 -DSTM32F401RETx -DSTM32F4 -c -I"C:/Users/dg_su/OneDrive/Documentos/STM32/codigo/02_GPIO_CMSIS/Drivers/CMSIS/Device/Include" -I"C:/Users/dg_su/OneDrive/Documentos/STM32/codigo/02_GPIO_CMSIS/Drivers/CMSIS/Include" -O0 -ffunction-sections -fdata-sections -Wall -fstack-usage -MMD -MP -MF"Core/Src/system_stm32f4xx.d" -MT"Core/Src/system_stm32f4xx.o" --specs=nano.specs -mfpu=fpv4-sp-d16 -mfloat-abi=hard -mthumb -o "Core/Src/system_stm32f4xx.o"
arm-none-eabi-gcc -o "02_GPIO_CMSIS.elf" @"objects.list"   -mcpu=cortex-m4 -T"C:\Users\dg_su\OneDrive\Documentos\STM32\codigo\02_GPIO_CMSIS\STM32F401RETX_FLASH.ld" --specs=nosys.specs -Wl,-Map="02_GPIO_CMSIS.map" -Wl,--gc-sections -static --specs=nano.specs -mfpu=fpv4-sp-d16 -mfloat-abi=hard -mthumb -Wl,--start-group -lc -lm -Wl,--end-group
Finished building target: 02_GPIO_CMSIS.elf
 
arm-none-eabi-size   02_GPIO_CMSIS.elf 
arm-none-eabi-objdump -h -S  02_GPIO_CMSIS.elf  > "02_GPIO_CMSIS.list"
   text	   data	    bss	    dec	    hex	filename
    692	      8	   1568	   2268	    8dc	02_GPIO_CMSIS.elf
Finished building: default.size.stdout
 
Finished building: 02_GPIO_CMSIS.list
 
20:58:04 **** Incremental Build of configuration Debug for project 00_Template_CMSIS ****
make -j2 all 
arm-none-eabi-size   00_Template_CMSIS.elf 
   text	   data	    bss	    dec	    hex	filename
    692	      8	   1568	   2268	    8dc	00_Template_CMSIS.elf
Finished building: default.size.stdout
 
20:58:05 **** Incremental Build of configuration Debug for project 01_RCC_Config ****
make -j2 all 
arm-none-eabi-size   01_RCC_Config.elf 
   text	   data	    bss	    dec	    hex	filename
   1104	     12	   1564	   2680	    a78	01_RCC_Config.elf
Finished building: default.size.stdout
 
20:58:05 **** Incremental Build of configuration Debug for project 02_GPIO_CMSIS ****
make -j2 all 
arm-none-eabi-gcc "../Core/Src/main.c" -mcpu=cortex-m4 -std=gnu11 -g3 -DDEBUG -DSTM32F401xE -DSTM32 -DSTM32F401RETx -DSTM32F4 -c -I"C:/Users/dg_su/OneDrive/Documentos/STM32/codigo/02_GPIO_CMSIS/Drivers/CMSIS/Device/Include" -I"C:/Users/dg_su/OneDrive/Documentos/STM32/codigo/02_GPIO_CMSIS/Drivers/CMSIS/Include" -O0 -ffunction-sections -fdata-sections -Wall -fstack-usage -MMD -MP -MF"Core/Src/main.d" -MT"Core/Src/main.o" --specs=nano.specs -mfpu=fpv4-sp-d16 -mfloat-abi=hard -mthumb -o "Core/Src/main.o"
../Core/Src/main.c: In function 'main':
../Core/Src/main.c:36:8: error: 'BSRR' undeclared (first use in this function)
   36 |  GPIOA-BSRR |= GPIO_BSRR_BR5;
      |        ^~~~
../Core/Src/main.c:36:8: note: each undeclared identifier is reported only once for each function it appears in
../Core/Src/main.c: In function 'GPIO_Config':
../Core/Src/main.c:51:20: error: 'GPIO_OSPEEDER_OSPEED5' undeclared (first use in this function); did you mean 'GPIO_OSPEEDR_OSPEED5'?
   51 |  GPIOA->OSPEEDR |= GPIO_OSPEEDER_OSPEED5; //velocidad very high speed
      |                    ^~~~~~~~~~~~~~~~~~~~~
      |                    GPIO_OSPEEDR_OSPEED5
make: *** [Core/Src/subdir.mk:28: Core/Src/main.o] Error 1
"make -j2 all" terminated with exit code 2. Build might be incomplete.
20:59:17 **** Incremental Build of configuration Debug for project 00_Template_CMSIS ****
make -j2 all 
arm-none-eabi-size   00_Template_CMSIS.elf 
   text	   data	    bss	    dec	    hex	filename
    692	      8	   1568	   2268	    8dc	00_Template_CMSIS.elf
Finished building: default.size.stdout
 
20:59:17 **** Incremental Build of configuration Debug for project 01_RCC_Config ****
make -j2 all 
arm-none-eabi-size   01_RCC_Config.elf 
   text	   data	    bss	    dec	    hex	filename
   1104	     12	   1564	   2680	    a78	01_RCC_Config.elf
Finished building: default.size.stdout
 
20:59:18 **** Incremental Build of configuration Debug for project 02_GPIO_CMSIS ****
make -j2 all 
arm-none-eabi-gcc "../Core/Src/main.c" -mcpu=cortex-m4 -std=gnu11 -g3 -DDEBUG -DSTM32F401xE -DSTM32 -DSTM32F401RETx -DSTM32F4 -c -I"C:/Users/dg_su/OneDrive/Documentos/STM32/codigo/02_GPIO_CMSIS/Drivers/CMSIS/Device/Include" -I"C:/Users/dg_su/OneDrive/Documentos/STM32/codigo/02_GPIO_CMSIS/Drivers/CMSIS/Include" -O0 -ffunction-sections -fdata-sections -Wall -fstack-usage -MMD -MP -MF"Core/Src/main.d" -MT"Core/Src/main.o" --specs=nano.specs -mfpu=fpv4-sp-d16 -mfloat-abi=hard -mthumb -o "Core/Src/main.o"
../Core/Src/main.c: In function 'GPIO_Config':
../Core/Src/main.c:51:20: error: 'GPIO_OSPEEDER_OSPEED5' undeclared (first use in this function); did you mean 'GPIO_OSPEEDR_OSPEED5'?
   51 |  GPIOA->OSPEEDR |= GPIO_OSPEEDER_OSPEED5; //velocidad very high speed
      |                    ^~~~~~~~~~~~~~~~~~~~~
      |                    GPIO_OSPEEDR_OSPEED5
../Core/Src/main.c:51:20: note: each undeclared identifier is reported only once for each function it appears in
make: *** [Core/Src/subdir.mk:28: Core/Src/main.o] Error 1
"make -j2 all" terminated with exit code 2. Build might be incomplete.
20:59:50 **** Incremental Build of configuration Debug for project 00_Template_CMSIS ****
make -j2 all 
arm-none-eabi-size   00_Template_CMSIS.elf 
   text	   data	    bss	    dec	    hex	filename
    692	      8	   1568	   2268	    8dc	00_Template_CMSIS.elf
Finished building: default.size.stdout
 
20:59:51 **** Incremental Build of configuration Debug for project 01_RCC_Config ****
make -j2 all 
arm-none-eabi-size   01_RCC_Config.elf 
   text	   data	    bss	    dec	    hex	filename
   1104	     12	   1564	   2680	    a78	01_RCC_Config.elf
Finished building: default.size.stdout
 
20:59:51 **** Incremental Build of configuration Debug for project 02_GPIO_CMSIS ****
make -j2 all 
arm-none-eabi-gcc "../Core/Src/main.c" -mcpu=cortex-m4 -std=gnu11 -g3 -DDEBUG -DSTM32F401xE -DSTM32 -DSTM32F401RETx -DSTM32F4 -c -I"C:/Users/dg_su/OneDrive/Documentos/STM32/codigo/02_GPIO_CMSIS/Drivers/CMSIS/Device/Include" -I"C:/Users/dg_su/OneDrive/Documentos/STM32/codigo/02_GPIO_CMSIS/Drivers/CMSIS/Include" -O0 -ffunction-sections -fdata-sections -Wall -fstack-usage -MMD -MP -MF"Core/Src/main.d" -MT"Core/Src/main.o" --specs=nano.specs -mfpu=fpv4-sp-d16 -mfloat-abi=hard -mthumb -o "Core/Src/main.o"
arm-none-eabi-gcc -o "02_GPIO_CMSIS.elf" @"objects.list"   -mcpu=cortex-m4 -T"C:\Users\dg_su\OneDrive\Documentos\STM32\codigo\02_GPIO_CMSIS\STM32F401RETX_FLASH.ld" --specs=nosys.specs -Wl,-Map="02_GPIO_CMSIS.map" -Wl,--gc-sections -static --specs=nano.specs -mfpu=fpv4-sp-d16 -mfloat-abi=hard -mthumb -Wl,--start-group -lc -lm -Wl,--end-group
Finished building target: 02_GPIO_CMSIS.elf
 
arm-none-eabi-size   02_GPIO_CMSIS.elf 
arm-none-eabi-objdump -h -S  02_GPIO_CMSIS.elf  > "02_GPIO_CMSIS.list"
   text	   data	    bss	    dec	    hex	filename
    872	      8	   1568	   2448	    990	02_GPIO_CMSIS.elf
Finished building: default.size.stdout
 
Finished building: 02_GPIO_CMSIS.list
 
21:24:56 **** Incremental Build of configuration Debug for project 00_Template_CMSIS ****
make -j2 all 
arm-none-eabi-size   00_Template_CMSIS.elf 
   text	   data	    bss	    dec	    hex	filename
    692	      8	   1568	   2268	    8dc	00_Template_CMSIS.elf
Finished building: default.size.stdout
 
21:24:57 **** Incremental Build of configuration Debug for project 01_RCC_Config ****
make -j2 all 
arm-none-eabi-size   01_RCC_Config.elf 
   text	   data	    bss	    dec	    hex	filename
   1104	     12	   1564	   2680	    a78	01_RCC_Config.elf
Finished building: default.size.stdout
 
21:24:58 **** Incremental Build of configuration Debug for project 02_GPIO_CMSIS ****
make -j2 all 
arm-none-eabi-gcc "../Core/Src/main.c" -mcpu=cortex-m4 -std=gnu11 -g3 -DDEBUG -DSTM32F401xE -DSTM32 -DSTM32F401RETx -DSTM32F4 -c -I"C:/Users/dg_su/OneDrive/Documentos/STM32/codigo/02_GPIO_CMSIS/Drivers/CMSIS/Device/Include" -I"C:/Users/dg_su/OneDrive/Documentos/STM32/codigo/02_GPIO_CMSIS/Drivers/CMSIS/Include" -O0 -ffunction-sections -fdata-sections -Wall -fstack-usage -MMD -MP -MF"Core/Src/main.d" -MT"Core/Src/main.o" --specs=nano.specs -mfpu=fpv4-sp-d16 -mfloat-abi=hard -mthumb -o "Core/Src/main.o"
../Core/Src/main.c: In function 'main':
../Core/Src/main.c:41:17: error: 'bit' undeclared (first use in this function)
   41 |   GPIOA->ODR |= bit<<5;
      |                 ^~~
../Core/Src/main.c:41:17: note: each undeclared identifier is reported only once for each function it appears in
../Core/Src/main.c:30:11: warning: variable 'bit_state' set but not used [-Wunused-but-set-variable]
   30 |  uint16_t bit_state;
      |           ^~~~~~~~~
make: *** [Core/Src/subdir.mk:28: Core/Src/main.o] Error 1
"make -j2 all" terminated with exit code 2. Build might be incomplete.
21:25:09 **** Incremental Build of configuration Debug for project 00_Template_CMSIS ****
make -j2 all 
arm-none-eabi-size   00_Template_CMSIS.elf 
   text	   data	    bss	    dec	    hex	filename
    692	      8	   1568	   2268	    8dc	00_Template_CMSIS.elf
Finished building: default.size.stdout
 
21:25:10 **** Incremental Build of configuration Debug for project 01_RCC_Config ****
make -j2 all 
arm-none-eabi-size   01_RCC_Config.elf 
   text	   data	    bss	    dec	    hex	filename
   1104	     12	   1564	   2680	    a78	01_RCC_Config.elf
Finished building: default.size.stdout
 
21:25:10 **** Incremental Build of configuration Debug for project 02_GPIO_CMSIS ****
make -j2 all 
arm-none-eabi-gcc "../Core/Src/main.c" -mcpu=cortex-m4 -std=gnu11 -g3 -DDEBUG -DSTM32F401xE -DSTM32 -DSTM32F401RETx -DSTM32F4 -c -I"C:/Users/dg_su/OneDrive/Documentos/STM32/codigo/02_GPIO_CMSIS/Drivers/CMSIS/Device/Include" -I"C:/Users/dg_su/OneDrive/Documentos/STM32/codigo/02_GPIO_CMSIS/Drivers/CMSIS/Include" -O0 -ffunction-sections -fdata-sections -Wall -fstack-usage -MMD -MP -MF"Core/Src/main.d" -MT"Core/Src/main.o" --specs=nano.specs -mfpu=fpv4-sp-d16 -mfloat-abi=hard -mthumb -o "Core/Src/main.o"
arm-none-eabi-gcc -o "02_GPIO_CMSIS.elf" @"objects.list"   -mcpu=cortex-m4 -T"C:\Users\dg_su\OneDrive\Documentos\STM32\codigo\02_GPIO_CMSIS\STM32F401RETX_FLASH.ld" --specs=nosys.specs -Wl,-Map="02_GPIO_CMSIS.map" -Wl,--gc-sections -static --specs=nano.specs -mfpu=fpv4-sp-d16 -mfloat-abi=hard -mthumb -Wl,--start-group -lc -lm -Wl,--end-group
Finished building target: 02_GPIO_CMSIS.elf
 
arm-none-eabi-size   02_GPIO_CMSIS.elf 
arm-none-eabi-objdump -h -S  02_GPIO_CMSIS.elf  > "02_GPIO_CMSIS.list"
   text	   data	    bss	    dec	    hex	filename
    920	      8	   1568	   2496	    9c0	02_GPIO_CMSIS.elf
Finished building: default.size.stdout
 
Finished building: 02_GPIO_CMSIS.list
 
21:26:53 **** Incremental Build of configuration Debug for project 00_Template_CMSIS ****
make -j2 all 
arm-none-eabi-size   00_Template_CMSIS.elf 
   text	   data	    bss	    dec	    hex	filename
    692	      8	   1568	   2268	    8dc	00_Template_CMSIS.elf
Finished building: default.size.stdout
 
21:26:53 **** Incremental Build of configuration Debug for project 01_RCC_Config ****
make -j2 all 
arm-none-eabi-size   01_RCC_Config.elf 
   text	   data	    bss	    dec	    hex	filename
   1104	     12	   1564	   2680	    a78	01_RCC_Config.elf
Finished building: default.size.stdout
 
21:26:54 **** Incremental Build of configuration Debug for project 02_GPIO_CMSIS ****
make -j2 all 
arm-none-eabi-gcc "../Core/Src/main.c" -mcpu=cortex-m4 -std=gnu11 -g3 -DDEBUG -DSTM32F401xE -DSTM32 -DSTM32F401RETx -DSTM32F4 -c -I"C:/Users/dg_su/OneDrive/Documentos/STM32/codigo/02_GPIO_CMSIS/Drivers/CMSIS/Device/Include" -I"C:/Users/dg_su/OneDrive/Documentos/STM32/codigo/02_GPIO_CMSIS/Drivers/CMSIS/Include" -O0 -ffunction-sections -fdata-sections -Wall -fstack-usage -MMD -MP -MF"Core/Src/main.d" -MT"Core/Src/main.o" --specs=nano.specs -mfpu=fpv4-sp-d16 -mfloat-abi=hard -mthumb -o "Core/Src/main.o"
arm-none-eabi-gcc -o "02_GPIO_CMSIS.elf" @"objects.list"   -mcpu=cortex-m4 -T"C:\Users\dg_su\OneDrive\Documentos\STM32\codigo\02_GPIO_CMSIS\STM32F401RETX_FLASH.ld" --specs=nosys.specs -Wl,-Map="02_GPIO_CMSIS.map" -Wl,--gc-sections -static --specs=nano.specs -mfpu=fpv4-sp-d16 -mfloat-abi=hard -mthumb -Wl,--start-group -lc -lm -Wl,--end-group
Finished building target: 02_GPIO_CMSIS.elf
 
arm-none-eabi-size   02_GPIO_CMSIS.elf 
arm-none-eabi-objdump -h -S  02_GPIO_CMSIS.elf  > "02_GPIO_CMSIS.list"
   text	   data	    bss	    dec	    hex	filename
    920	      8	   1568	   2496	    9c0	02_GPIO_CMSIS.elf
Finished building: default.size.stdout
 
Finished building: 02_GPIO_CMSIS.list
 
