22:42:27 **** Clean-only build of configuration Debug for project 14_ADC_SingleMode_TMR2_Interrpt ****
make -j2 clean 
rm -rf ./Core/Startup/startup_stm32f401retx.d ./Core/Startup/startup_stm32f401retx.o
rm -rf ./Core/Src/delay.d ./Core/Src/delay.o ./Core/Src/delay.su ./Core/Src/main.d ./Core/Src/main.o ./Core/Src/main.su ./Core/Src/syscalls.d ./Core/Src/syscalls.o ./Core/Src/syscalls.su ./Core/Src/sysmem.d ./Core/Src/sysmem.o ./Core/Src/sysmem.su ./Core/Src/system_stm32f4xx.d ./Core/Src/system_stm32f4xx.o ./Core/Src/system_stm32f4xx.su
rm -rf 14_ADC_SingleMode_TMR2_Interrpt.elf 14_ADC_SingleMode_TMR2_Interrpt.list 14_ADC_SingleMode_TMR2_Interrpt.map default.size.stdout
 
22:42:53 **** Incremental Build of configuration Debug for project 00_Template_CMSIS ****
make -j2 all 
arm-none-eabi-size   00_Template_CMSIS.elf 
   text	   data	    bss	    dec	    hex	filename
    692	      8	   1568	   2268	    8dc	00_Template_CMSIS.elf
Finished building: default.size.stdout
 
22:42:53 **** Incremental Build of configuration Debug for project 01_RCC_Config ****
make -j2 all 
arm-none-eabi-size   01_RCC_Config.elf 
   text	   data	    bss	    dec	    hex	filename
   1104	     12	   1564	   2680	    a78	01_RCC_Config.elf
Finished building: default.size.stdout
 
22:42:54 **** Incremental Build of configuration Debug for project 02_GPIO_CMSIS ****
make -j2 all 
arm-none-eabi-size   02_GPIO_CMSIS.elf 
   text	   data	    bss	    dec	    hex	filename
    920	      8	   1568	   2496	    9c0	02_GPIO_CMSIS.elf
Finished building: default.size.stdout
 
22:42:54 **** Incremental Build of configuration Debug for project 03_SYSTICK_TIMER ****
make -j2 all 
arm-none-eabi-size   03_SYSTICK_TIMER.elf 
   text	   data	    bss	    dec	    hex	filename
   1208	     12	   1564	   2784	    ae0	03_SYSTICK_TIMER.elf
Finished building: default.size.stdout
 
22:42:54 **** Incremental Build of configuration Debug for project 04_SYSTICK_TIMER_INTERRUPT ****
make -j2 all 
arm-none-eabi-size   04_SYSTICK_TIMER_INTERRUPT.elf 
   text	   data	    bss	    dec	    hex	filename
   1252	     12	   1572	   2836	    b14	04_SYSTICK_TIMER_INTERRUPT.elf
Finished building: default.size.stdout
 
22:42:55 **** Incremental Build of configuration Debug for project 05_EXTI_INTERRUPT_EXT ****
make -j2 all 
arm-none-eabi-size   05_EXTI_INTERRUPT_EXT.elf 
   text	   data	    bss	    dec	    hex	filename
   1068	      8	   1568	   2644	    a54	05_EXTI_INTERRUPT_EXT.elf
Finished building: default.size.stdout
 
22:42:55 **** Incremental Build of configuration Debug for project 06_USART ****
make -j2 all 
arm-none-eabi-size   06_USART.elf 
   text	   data	    bss	    dec	    hex	filename
  17572	    476	   1692	  19740	   4d1c	06_USART.elf
Finished building: default.size.stdout
 
22:42:56 **** Incremental Build of configuration Debug for project 07_USART_LIB ****
make -j2 all 
arm-none-eabi-size   07_USART_LIB.elf 
   text	   data	    bss	    dec	    hex	filename
   5724	    108	   1660	   7492	   1d44	07_USART_LIB.elf
Finished building: default.size.stdout
 
22:42:56 **** Incremental Build of configuration Debug for project 08_TIMERS ****
make -j2 all 
arm-none-eabi-size   08_TIMERS.elf 
   text	   data	    bss	    dec	    hex	filename
   1072	      8	   1568	   2648	    a58	08_TIMERS.elf
Finished building: default.size.stdout
 
22:42:56 **** Incremental Build of configuration Debug for project 09_INPUT_CAPTURE ****
make -j2 all 
arm-none-eabi-size   09_INPUT_CAPTURE.elf 
   text	   data	    bss	    dec	    hex	filename
   1424	     12	   1580	   3016	    bc8	09_INPUT_CAPTURE.elf
Finished building: default.size.stdout
 
22:42:57 **** Incremental Build of configuration Debug for project 10_OUT_COMPARE ****
make -j2 all 
arm-none-eabi-size   10_OUT_COMPARE.elf 
   text	   data	    bss	    dec	    hex	filename
    940	      8	   1568	   2516	    9d4	10_OUT_COMPARE.elf
Finished building: default.size.stdout
 
22:42:57 **** Incremental Build of configuration Debug for project 11_ADC_SingleMode ****
make -j2 all 
arm-none-eabi-size   11_ADC_SingleMode.elf 
   text	   data	    bss	    dec	    hex	filename
   1460	     12	   1572	   3044	    be4	11_ADC_SingleMode.elf
Finished building: default.size.stdout
 
22:42:58 **** Incremental Build of configuration Debug for project 12_ADC_ScanMode ****
make -j2 all 
arm-none-eabi-size   12_ADC_ScanMode.elf 
   text	   data	    bss	    dec	    hex	filename
   1508	     12	   1572	   3092	    c14	12_ADC_ScanMode.elf
Finished building: default.size.stdout
 
22:42:58 **** Incremental Build of configuration Debug for project 13_ADC_ScanMode_Interrupt ****
make -j2 all 
arm-none-eabi-size   13_ADC_ScanMode_Interrupt.elf 
   text	   data	    bss	    dec	    hex	filename
   1608	     12	   1572	   3192	    c78	13_ADC_ScanMode_Interrupt.elf
Finished building: default.size.stdout
 
22:42:59 **** Build of configuration Debug for project 14_ADC_SingleMode_TMR2_Interrpt ****
make -j2 all 
arm-none-eabi-gcc -mcpu=cortex-m4 -g3 -DDEBUG -c -x assembler-with-cpp -MMD -MP -MF"Core/Startup/startup_stm32f401retx.d" -MT"Core/Startup/startup_stm32f401retx.o" --specs=nano.specs -mfpu=fpv4-sp-d16 -mfloat-abi=hard -mthumb -o "Core/Startup/startup_stm32f401retx.o" "../Core/Startup/startup_stm32f401retx.s"
arm-none-eabi-gcc "../Core/Src/delay.c" -mcpu=cortex-m4 -std=gnu11 -g3 -DDEBUG -DSTM32F401xE -DSTM32 -DSTM32F401RETx -DSTM32F4 -c -I"C:/Users/dg_su/OneDrive/Documentos/STM32/codigo/14_ADC_SingleMode_TMR2_Interrpt/Drivers/CMSIS/Device/Include" -I"C:/Users/dg_su/OneDrive/Documentos/STM32/codigo/14_ADC_SingleMode_TMR2_Interrpt/Core/Inc" -I"C:/Users/dg_su/OneDrive/Documentos/STM32/codigo/14_ADC_SingleMode_TMR2_Interrpt/Drivers/CMSIS/Include" -O0 -ffunction-sections -fdata-sections -Wall -fstack-usage -MMD -MP -MF"Core/Src/delay.d" -MT"Core/Src/delay.o" --specs=nano.specs -mfpu=fpv4-sp-d16 -mfloat-abi=hard -mthumb -o "Core/Src/delay.o"
arm-none-eabi-gcc "../Core/Src/main.c" -mcpu=cortex-m4 -std=gnu11 -g3 -DDEBUG -DSTM32F401xE -DSTM32 -DSTM32F401RETx -DSTM32F4 -c -I"C:/Users/dg_su/OneDrive/Documentos/STM32/codigo/14_ADC_SingleMode_TMR2_Interrpt/Drivers/CMSIS/Device/Include" -I"C:/Users/dg_su/OneDrive/Documentos/STM32/codigo/14_ADC_SingleMode_TMR2_Interrpt/Core/Inc" -I"C:/Users/dg_su/OneDrive/Documentos/STM32/codigo/14_ADC_SingleMode_TMR2_Interrpt/Drivers/CMSIS/Include" -O0 -ffunction-sections -fdata-sections -Wall -fstack-usage -MMD -MP -MF"Core/Src/main.d" -MT"Core/Src/main.o" --specs=nano.specs -mfpu=fpv4-sp-d16 -mfloat-abi=hard -mthumb -o "Core/Src/main.o"
arm-none-eabi-gcc "../Core/Src/syscalls.c" -mcpu=cortex-m4 -std=gnu11 -g3 -DDEBUG -DSTM32F401xE -DSTM32 -DSTM32F401RETx -DSTM32F4 -c -I"C:/Users/dg_su/OneDrive/Documentos/STM32/codigo/14_ADC_SingleMode_TMR2_Interrpt/Drivers/CMSIS/Device/Include" -I"C:/Users/dg_su/OneDrive/Documentos/STM32/codigo/14_ADC_SingleMode_TMR2_Interrpt/Core/Inc" -I"C:/Users/dg_su/OneDrive/Documentos/STM32/codigo/14_ADC_SingleMode_TMR2_Interrpt/Drivers/CMSIS/Include" -O0 -ffunction-sections -fdata-sections -Wall -fstack-usage -MMD -MP -MF"Core/Src/syscalls.d" -MT"Core/Src/syscalls.o" --specs=nano.specs -mfpu=fpv4-sp-d16 -mfloat-abi=hard -mthumb -o "Core/Src/syscalls.o"
arm-none-eabi-gcc "../Core/Src/sysmem.c" -mcpu=cortex-m4 -std=gnu11 -g3 -DDEBUG -DSTM32F401xE -DSTM32 -DSTM32F401RETx -DSTM32F4 -c -I"C:/Users/dg_su/OneDrive/Documentos/STM32/codigo/14_ADC_SingleMode_TMR2_Interrpt/Drivers/CMSIS/Device/Include" -I"C:/Users/dg_su/OneDrive/Documentos/STM32/codigo/14_ADC_SingleMode_TMR2_Interrpt/Core/Inc" -I"C:/Users/dg_su/OneDrive/Documentos/STM32/codigo/14_ADC_SingleMode_TMR2_Interrpt/Drivers/CMSIS/Include" -O0 -ffunction-sections -fdata-sections -Wall -fstack-usage -MMD -MP -MF"Core/Src/sysmem.d" -MT"Core/Src/sysmem.o" --specs=nano.specs -mfpu=fpv4-sp-d16 -mfloat-abi=hard -mthumb -o "Core/Src/sysmem.o"
arm-none-eabi-gcc "../Core/Src/system_stm32f4xx.c" -mcpu=cortex-m4 -std=gnu11 -g3 -DDEBUG -DSTM32F401xE -DSTM32 -DSTM32F401RETx -DSTM32F4 -c -I"C:/Users/dg_su/OneDrive/Documentos/STM32/codigo/14_ADC_SingleMode_TMR2_Interrpt/Drivers/CMSIS/Device/Include" -I"C:/Users/dg_su/OneDrive/Documentos/STM32/codigo/14_ADC_SingleMode_TMR2_Interrpt/Core/Inc" -I"C:/Users/dg_su/OneDrive/Documentos/STM32/codigo/14_ADC_SingleMode_TMR2_Interrpt/Drivers/CMSIS/Include" -O0 -ffunction-sections -fdata-sections -Wall -fstack-usage -MMD -MP -MF"Core/Src/system_stm32f4xx.d" -MT"Core/Src/system_stm32f4xx.o" --specs=nano.specs -mfpu=fpv4-sp-d16 -mfloat-abi=hard -mthumb -o "Core/Src/system_stm32f4xx.o"
arm-none-eabi-gcc -o "14_ADC_SingleMode_TMR2_Interrpt.elf" @"objects.list"   -mcpu=cortex-m4 -T"C:\Users\dg_su\OneDrive\Documentos\STM32\codigo\14_ADC_SingleMode_TMR2_Interrpt\STM32F401RETX_FLASH.ld" --specs=nosys.specs -Wl,-Map="14_ADC_SingleMode_TMR2_Interrpt.map" -Wl,--gc-sections -static --specs=nano.specs -mfpu=fpv4-sp-d16 -mfloat-abi=hard -mthumb -Wl,--start-group -lc -lm -Wl,--end-group
Finished building target: 14_ADC_SingleMode_TMR2_Interrpt.elf
 
arm-none-eabi-size   14_ADC_SingleMode_TMR2_Interrpt.elf 
arm-none-eabi-objdump -h -S  14_ADC_SingleMode_TMR2_Interrpt.elf  > "14_ADC_SingleMode_TMR2_Interrpt.list"
   text	   data	    bss	    dec	    hex	filename
   3524	     12	   1572	   5108	   13f4	14_ADC_SingleMode_TMR2_Interrpt.elf
Finished building: default.size.stdout
 
Finished building: 14_ADC_SingleMode_TMR2_Interrpt.list
 
22:44:15 **** Incremental Build of configuration Debug for project 00_Template_CMSIS ****
make -j2 all 
arm-none-eabi-size   00_Template_CMSIS.elf 
   text	   data	    bss	    dec	    hex	filename
    692	      8	   1568	   2268	    8dc	00_Template_CMSIS.elf
Finished building: default.size.stdout
 
22:44:15 **** Incremental Build of configuration Debug for project 01_RCC_Config ****
make -j2 all 
arm-none-eabi-size   01_RCC_Config.elf 
   text	   data	    bss	    dec	    hex	filename
   1104	     12	   1564	   2680	    a78	01_RCC_Config.elf
Finished building: default.size.stdout
 
22:44:15 **** Incremental Build of configuration Debug for project 02_GPIO_CMSIS ****
make -j2 all 
arm-none-eabi-size   02_GPIO_CMSIS.elf 
   text	   data	    bss	    dec	    hex	filename
    920	      8	   1568	   2496	    9c0	02_GPIO_CMSIS.elf
Finished building: default.size.stdout
 
22:44:16 **** Incremental Build of configuration Debug for project 03_SYSTICK_TIMER ****
make -j2 all 
arm-none-eabi-size   03_SYSTICK_TIMER.elf 
   text	   data	    bss	    dec	    hex	filename
   1208	     12	   1564	   2784	    ae0	03_SYSTICK_TIMER.elf
Finished building: default.size.stdout
 
22:44:16 **** Incremental Build of configuration Debug for project 04_SYSTICK_TIMER_INTERRUPT ****
make -j2 all 
arm-none-eabi-size   04_SYSTICK_TIMER_INTERRUPT.elf 
   text	   data	    bss	    dec	    hex	filename
   1252	     12	   1572	   2836	    b14	04_SYSTICK_TIMER_INTERRUPT.elf
Finished building: default.size.stdout
 
22:44:17 **** Incremental Build of configuration Debug for project 05_EXTI_INTERRUPT_EXT ****
make -j2 all 
arm-none-eabi-size   05_EXTI_INTERRUPT_EXT.elf 
   text	   data	    bss	    dec	    hex	filename
   1068	      8	   1568	   2644	    a54	05_EXTI_INTERRUPT_EXT.elf
Finished building: default.size.stdout
 
22:44:17 **** Incremental Build of configuration Debug for project 06_USART ****
make -j2 all 
arm-none-eabi-size   06_USART.elf 
   text	   data	    bss	    dec	    hex	filename
  17572	    476	   1692	  19740	   4d1c	06_USART.elf
Finished building: default.size.stdout
 
22:44:17 **** Incremental Build of configuration Debug for project 07_USART_LIB ****
make -j2 all 
arm-none-eabi-size   07_USART_LIB.elf 
   text	   data	    bss	    dec	    hex	filename
   5724	    108	   1660	   7492	   1d44	07_USART_LIB.elf
Finished building: default.size.stdout
 
22:44:18 **** Incremental Build of configuration Debug for project 08_TIMERS ****
make -j2 all 
arm-none-eabi-size   08_TIMERS.elf 
   text	   data	    bss	    dec	    hex	filename
   1072	      8	   1568	   2648	    a58	08_TIMERS.elf
Finished building: default.size.stdout
 
22:44:18 **** Incremental Build of configuration Debug for project 09_INPUT_CAPTURE ****
make -j2 all 
arm-none-eabi-size   09_INPUT_CAPTURE.elf 
   text	   data	    bss	    dec	    hex	filename
   1424	     12	   1580	   3016	    bc8	09_INPUT_CAPTURE.elf
Finished building: default.size.stdout
 
22:44:19 **** Incremental Build of configuration Debug for project 10_OUT_COMPARE ****
make -j2 all 
arm-none-eabi-size   10_OUT_COMPARE.elf 
   text	   data	    bss	    dec	    hex	filename
    940	      8	   1568	   2516	    9d4	10_OUT_COMPARE.elf
Finished building: default.size.stdout
 
22:44:19 **** Incremental Build of configuration Debug for project 11_ADC_SingleMode ****
make -j2 all 
arm-none-eabi-size   11_ADC_SingleMode.elf 
   text	   data	    bss	    dec	    hex	filename
   1460	     12	   1572	   3044	    be4	11_ADC_SingleMode.elf
Finished building: default.size.stdout
 
22:44:20 **** Incremental Build of configuration Debug for project 12_ADC_ScanMode ****
make -j2 all 
arm-none-eabi-size   12_ADC_ScanMode.elf 
   text	   data	    bss	    dec	    hex	filename
   1508	     12	   1572	   3092	    c14	12_ADC_ScanMode.elf
Finished building: default.size.stdout
 
22:44:20 **** Incremental Build of configuration Debug for project 13_ADC_ScanMode_Interrupt ****
make -j2 all 
arm-none-eabi-size   13_ADC_ScanMode_Interrupt.elf 
   text	   data	    bss	    dec	    hex	filename
   1608	     12	   1572	   3192	    c78	13_ADC_ScanMode_Interrupt.elf
Finished building: default.size.stdout
 
22:44:21 **** Incremental Build of configuration Debug for project 14_ADC_SingleMode_TMR2_Interrpt ****
make -j2 all 
arm-none-eabi-size   14_ADC_SingleMode_TMR2_Interrpt.elf 
   text	   data	    bss	    dec	    hex	filename
   3524	     12	   1572	   5108	   13f4	14_ADC_SingleMode_TMR2_Interrpt.elf
Finished building: default.size.stdout
 
22:45:08 **** Incremental Build of configuration Debug for project 00_Template_CMSIS ****
make -j2 all 
arm-none-eabi-size   00_Template_CMSIS.elf 
   text	   data	    bss	    dec	    hex	filename
    692	      8	   1568	   2268	    8dc	00_Template_CMSIS.elf
Finished building: default.size.stdout
 
22:45:08 **** Incremental Build of configuration Debug for project 01_RCC_Config ****
make -j2 all 
arm-none-eabi-size   01_RCC_Config.elf 
   text	   data	    bss	    dec	    hex	filename
   1104	     12	   1564	   2680	    a78	01_RCC_Config.elf
Finished building: default.size.stdout
 
22:45:08 **** Incremental Build of configuration Debug for project 02_GPIO_CMSIS ****
make -j2 all 
arm-none-eabi-size   02_GPIO_CMSIS.elf 
   text	   data	    bss	    dec	    hex	filename
    920	      8	   1568	   2496	    9c0	02_GPIO_CMSIS.elf
Finished building: default.size.stdout
 
22:45:09 **** Incremental Build of configuration Debug for project 03_SYSTICK_TIMER ****
make -j2 all 
arm-none-eabi-size   03_SYSTICK_TIMER.elf 
   text	   data	    bss	    dec	    hex	filename
   1208	     12	   1564	   2784	    ae0	03_SYSTICK_TIMER.elf
Finished building: default.size.stdout
 
22:45:09 **** Incremental Build of configuration Debug for project 04_SYSTICK_TIMER_INTERRUPT ****
make -j2 all 
arm-none-eabi-size   04_SYSTICK_TIMER_INTERRUPT.elf 
   text	   data	    bss	    dec	    hex	filename
   1252	     12	   1572	   2836	    b14	04_SYSTICK_TIMER_INTERRUPT.elf
Finished building: default.size.stdout
 
22:45:10 **** Incremental Build of configuration Debug for project 05_EXTI_INTERRUPT_EXT ****
make -j2 all 
arm-none-eabi-size   05_EXTI_INTERRUPT_EXT.elf 
   text	   data	    bss	    dec	    hex	filename
   1068	      8	   1568	   2644	    a54	05_EXTI_INTERRUPT_EXT.elf
Finished building: default.size.stdout
 
22:45:10 **** Incremental Build of configuration Debug for project 06_USART ****
make -j2 all 
arm-none-eabi-size   06_USART.elf 
   text	   data	    bss	    dec	    hex	filename
  17572	    476	   1692	  19740	   4d1c	06_USART.elf
Finished building: default.size.stdout
 
22:45:10 **** Incremental Build of configuration Debug for project 07_USART_LIB ****
make -j2 all 
arm-none-eabi-size   07_USART_LIB.elf 
   text	   data	    bss	    dec	    hex	filename
   5724	    108	   1660	   7492	   1d44	07_USART_LIB.elf
Finished building: default.size.stdout
 
22:45:11 **** Incremental Build of configuration Debug for project 08_TIMERS ****
make -j2 all 
arm-none-eabi-size   08_TIMERS.elf 
   text	   data	    bss	    dec	    hex	filename
   1072	      8	   1568	   2648	    a58	08_TIMERS.elf
Finished building: default.size.stdout
 
22:45:11 **** Incremental Build of configuration Debug for project 09_INPUT_CAPTURE ****
make -j2 all 
arm-none-eabi-size   09_INPUT_CAPTURE.elf 
   text	   data	    bss	    dec	    hex	filename
   1424	     12	   1580	   3016	    bc8	09_INPUT_CAPTURE.elf
Finished building: default.size.stdout
 
22:45:11 **** Incremental Build of configuration Debug for project 10_OUT_COMPARE ****
make -j2 all 
arm-none-eabi-size   10_OUT_COMPARE.elf 
   text	   data	    bss	    dec	    hex	filename
    940	      8	   1568	   2516	    9d4	10_OUT_COMPARE.elf
Finished building: default.size.stdout
 
22:45:12 **** Incremental Build of configuration Debug for project 11_ADC_SingleMode ****
make -j2 all 
arm-none-eabi-gcc "../Core/Src/main.c" -mcpu=cortex-m4 -std=gnu11 -g3 -DDEBUG -DSTM32F401xE -DSTM32 -DSTM32F401RETx -DSTM32F4 -c -I"C:/Users/dg_su/OneDrive/Documentos/STM32/codigo/11_ADC_SingleMode/Drivers/CMSIS/Device/Include" -I"C:/Users/dg_su/OneDrive/Documentos/STM32/codigo/11_ADC_SingleMode/Core/Inc" -I"C:/Users/dg_su/OneDrive/Documentos/STM32/codigo/11_ADC_SingleMode/Drivers/CMSIS/Include" -O0 -ffunction-sections -fdata-sections -Wall -fstack-usage -MMD -MP -MF"Core/Src/main.d" -MT"Core/Src/main.o" --specs=nano.specs -mfpu=fpv4-sp-d16 -mfloat-abi=hard -mthumb -o "Core/Src/main.o"
arm-none-eabi-gcc -o "11_ADC_SingleMode.elf" @"objects.list"   -mcpu=cortex-m4 -T"C:\Users\dg_su\OneDrive\Documentos\STM32\codigo\11_ADC_SingleMode\STM32F401RETX_FLASH.ld" --specs=nosys.specs -Wl,-Map="11_ADC_SingleMode.map" -Wl,--gc-sections -static --specs=nano.specs -mfpu=fpv4-sp-d16 -mfloat-abi=hard -mthumb -Wl,--start-group -lc -lm -Wl,--end-group
Finished building target: 11_ADC_SingleMode.elf
 
arm-none-eabi-size   11_ADC_SingleMode.elf 
arm-none-eabi-objdump -h -S  11_ADC_SingleMode.elf  > "11_ADC_SingleMode.list"
   text	   data	    bss	    dec	    hex	filename
   1460	     12	   1572	   3044	    be4	11_ADC_SingleMode.elf
Finished building: default.size.stdout
 
Finished building: 11_ADC_SingleMode.list
 
22:45:13 **** Incremental Build of configuration Debug for project 12_ADC_ScanMode ****
make -j2 all 
arm-none-eabi-size   12_ADC_ScanMode.elf 
   text	   data	    bss	    dec	    hex	filename
   1508	     12	   1572	   3092	    c14	12_ADC_ScanMode.elf
Finished building: default.size.stdout
 
22:45:13 **** Incremental Build of configuration Debug for project 13_ADC_ScanMode_Interrupt ****
make -j2 all 
arm-none-eabi-size   13_ADC_ScanMode_Interrupt.elf 
   text	   data	    bss	    dec	    hex	filename
   1608	     12	   1572	   3192	    c78	13_ADC_ScanMode_Interrupt.elf
Finished building: default.size.stdout
 
22:45:13 **** Incremental Build of configuration Debug for project 14_ADC_SingleMode_TMR2_Interrpt ****
make -j2 all 
arm-none-eabi-size   14_ADC_SingleMode_TMR2_Interrpt.elf 
   text	   data	    bss	    dec	    hex	filename
   3524	     12	   1572	   5108	   13f4	14_ADC_SingleMode_TMR2_Interrpt.elf
Finished building: default.size.stdout
 
